---
http_interactions:
- request:
    method: get
    uri: https://irt-dev.stanford.edu/cap-api-qa/api/cap/v1/authors/3810
    body:
      encoding: US-ASCII
      string: ''
    headers:
      Accept:
      - ! '*/*'
      User-Agent:
      - Ruby
      Authorization:
      - bearer eyJhbGciOiJSUzI1NiJ9.eyJleHAiOjEzNzYzNDM3NTksInNjb3BlIjpbInByb2ZpbGVzLnJlYWRfYWxsIl0sImF1ZCI6WyJwcm9maWxlcyJdLCJpc3MiOiJodHRwczovL2F1dGh6LXRlc3Quc3RhbmZvcmQuZWR1IiwianRpIjoiZDQxMTBmODctNDMyMS00Y2NmLTkxMTktN2NlNWZjNmE3YTZiIiwiY2xpZW50X2lkIjoic3VsIn0.ioAWrUsR142eE9M78bw-PnICL4IGhhd5xAahVgYI7_ohdCJAIJy-HJT9wF-1ChrLay_kYZVK3IxHzUrKdtrjQnNEFzl4a5lxnjZEGD5RVZvnJQZEvrxOuTgb9iJpDf7Oma7CRbmi7oRRhq735POGyu3XtXIJlZr-36FvYnKGzuxlQ8ODNVJo0HmuJRgQw6WySQD9vmHHg2votkE5p3amlEuZbhVKiDg0lWyTL3umUTt-ODX2yapc5GLppLUiKJCg8q1zIBe81zaA6w-J4xd2LXghAnEzOPqaFOJhCJjmfBUK5eC1gCHt00VyprDF6wIsJEtFwS1MiIoNpruVcpSRDw
  response:
    status:
      code: 200
      message: OK
    headers:
      Date:
      - Sun, 11 Aug 2013 21:51:02 GMT
      Server:
      - Apache
      X-Irt-Transaction-Id:
      - UggHRqwZaGYAAAFJm-QAAAAF
      Transfer-Encoding:
      - chunked
      Content-Type:
      - application/json
    body:
      encoding: US-ASCII
      string: ! '{"active":true,"authorModifiedOn":"2013-08-09T10:01:07.000-07:00","authorship":[{"featured":false,"status":"approved","sulPublicationId":325,"visibility":"public"},{"featured":false,"status":"approved","sulPublicationId":151997,"visibility":"public"},{"featured":false,"status":"approved","sulPublicationId":160011,"visibility":"public"},{"featured":false,"status":"unknown","sulPublicationId":158645,"visibility":"public"},{"featured":false,"status":"approved","sulPublicationId":161738,"visibility":"public"},{"featured":false,"status":"approved","sulPublicationId":155172,"visibility":"public"},{"featured":false,"status":"approved","sulPublicationId":155349,"visibility":"public"},{"featured":false,"status":"approved","sulPublicationId":158438,"visibility":"public"},{"featured":false,"status":"approved","sulPublicationId":170171,"visibility":"public"},{"featured":false,"status":"approved","sulPublicationId":171011,"visibility":"public"},{"featured":false,"status":"approved","sulPublicationId":171012,"visibility":"public"},{"featured":false,"status":"approved","sulPublicationId":171013,"visibility":"public"},{"featured":false,"status":"approved","sulPublicationId":171014,"visibility":"public"},{"featured":false,"status":"unknown","sulPublicationId":171015,"visibility":"public"},{"featured":false,"status":"approved","sulPublicationId":171016,"visibility":"public"},{"featured":false,"status":"approved","sulPublicationId":171017,"visibility":"public"},{"featured":false,"status":"approved","sulPublicationId":171018,"visibility":"public"},{"featured":false,"status":"approved","sulPublicationId":171998,"visibility":"public"},{"featured":false,"status":"unknown","sulPublicationId":175728,"visibility":"public"},{"featured":false,"status":"unknown","sulPublicationId":171699,"visibility":"public"},{"featured":false,"status":"approved","sulPublicationId":170168,"visibility":"public"},{"featured":false,"status":"approved","sulPublicationId":171010,"visibility":"public"},{"featured":false,"status":"approved","sulPublicationId":175670,"visibility":"public"},{"featured":false,"status":"unknown","sulPublicationId":176256,"visibility":"public"},{"featured":true,"status":"approved","sulPublicationId":177646,"visibility":"public"},{"featured":false,"status":"unknown","sulPublicationId":173079,"visibility":"public"},{"featured":false,"status":"unknown","sulPublicationId":173364,"visibility":"public"},{"featured":false,"status":"unknown","sulPublicationId":175955,"visibility":"public"},{"featured":false,"status":"approved","sulPublicationId":175956,"visibility":"public"},{"featured":false,"status":"unknown","sulPublicationId":173078,"visibility":"public"},{"featured":false,"status":"unknown","sulPublicationId":175676,"visibility":"public"},{"featured":false,"status":"approved","sulPublicationId":176944,"visibility":"public"},{"featured":false,"status":"new","sulPublicationId":198218,"visibility":"public"},{"featured":false,"status":"new","sulPublicationId":198272,"visibility":"public"},{"featured":false,"status":"new","sulPublicationId":198205,"visibility":"public"},{"featured":false,"status":"approved","sulPublicationId":4572,"visibility":"public"},{"featured":false,"status":"approved","sulPublicationId":6029,"visibility":"public"},{"featured":false,"status":"approved","sulPublicationId":8614,"visibility":"public"},{"featured":false,"status":"approved","sulPublicationId":9626,"visibility":"public"},{"featured":false,"status":"approved","sulPublicationId":18049,"visibility":"public"},{"featured":false,"status":"approved","sulPublicationId":15263,"visibility":"public"},{"featured":false,"status":"approved","sulPublicationId":20362,"visibility":"public"},{"featured":false,"status":"approved","sulPublicationId":25022,"visibility":"public"},{"featured":false,"status":"approved","sulPublicationId":24316,"visibility":"public"},{"featured":false,"status":"approved","sulPublicationId":39629,"visibility":"public"},{"featured":false,"status":"unknown","sulPublicationId":51339,"visibility":"public"},{"featured":false,"status":"approved","sulPublicationId":57704,"visibility":"public"},{"featured":false,"status":"approved","sulPublicationId":66551,"visibility":"public"},{"featured":false,"status":"approved","sulPublicationId":72817,"visibility":"public"},{"featured":false,"status":"approved","sulPublicationId":103835,"visibility":"public"},{"featured":false,"status":"approved","sulPublicationId":91121,"visibility":"public"},{"featured":false,"status":"approved","sulPublicationId":91120,"visibility":"public"},{"featured":false,"status":"approved","sulPublicationId":102285,"visibility":"public"},{"featured":false,"status":"unknown","sulPublicationId":125844,"visibility":"public"},{"featured":false,"status":"approved","sulPublicationId":2649,"visibility":"public"},{"featured":false,"status":"new","sulPublicationId":280362,"visibility":"public"},{"featured":false,"status":"new","sulPublicationId":280396,"visibility":"public"},{"featured":false,"status":"new","sulPublicationId":277209,"visibility":"public"},{"featured":false,"status":"new","sulPublicationId":280355,"visibility":"public"},{"featured":false,"status":"new","sulPublicationId":280412,"visibility":"public"},{"featured":false,"status":"new","sulPublicationId":277187,"visibility":"public"},{"featured":false,"status":"new","sulPublicationId":277189,"visibility":"public"},{"featured":false,"status":"new","sulPublicationId":277192,"visibility":"public"},{"featured":false,"status":"new","sulPublicationId":280366,"visibility":"public"},{"featured":false,"status":"new","sulPublicationId":280407,"visibility":"public"},{"featured":false,"status":"new","sulPublicationId":277156,"visibility":"public"},{"featured":false,"status":"new","sulPublicationId":277161,"visibility":"public"},{"featured":false,"status":"new","sulPublicationId":277204,"visibility":"public"},{"featured":false,"status":"new","sulPublicationId":280392,"visibility":"public"},{"featured":false,"status":"new","sulPublicationId":280413,"visibility":"public"}],"importEnabled":true,"importSettings":[{"firstName":"Henry","lastName":"Lowe","middleName":"J."},{"firstName":"H","institution":"Stanford
        University","lastName":"Lowe","middleName":"J"}],"lastModified":"2013-08-10T06:03:21.524-07:00","populations":["stanford","som","shc"],"profile":{"californiaPhysicianLicense":"C50735","displayName":"Henry
        J. Lowe, MD","email":"hlowe@stanford.edu","meta":{"etag":"597669957","links":[{"href":"http://irt-ppapp-02:12011/cap-api-qa/api/profiles/v1/3810","rel":"https://cap.stanford.edu/rel/self"},{"href":"https://irt-dev.stanford.edu/cap-su-qa/henry-lowe","rel":"https://cap.stanford.edu/rel/public"},{"href":"https://cap-irt-dev.stanford.edu/profiles-qa/auth/frdActionServlet?choiceId=facProfile&profileId=3810","rel":"https://cap.stanford.edu/rel/intranet"},{"href":"https://cap-irt-dev.stanford.edu/profiles-qa/frdActionServlet?choiceId=printerprofile&profileversion=full&profileId=3810","rel":"https://cap.stanford.edu/rel/pdf"}]},"names":{"legal":{"firstName":"Henry","lastName":"Lowe","middleName":"J"},"preferred":{"firstName":"Henry","lastName":"Lowe","middleName":"J."}},"profileId":3810,"uid":"hlowe","universityId":"09724972"},"profileId":3810,"visibility":"public"}'
    http_version: 
  recorded_at: Sun, 11 Aug 2013 21:51:02 GMT
- request:
    method: get
    uri: https://irt-dev.stanford.edu/cap-api-qa/api/cap/v1/authors/3810
    body:
      encoding: US-ASCII
      string: ''
    headers:
      Accept:
      - ! '*/*'
      User-Agent:
      - Ruby
      Authorization:
      - bearer eyJhbGciOiJSUzI1NiJ9.eyJleHAiOjEzNzYzNDM3NTksInNjb3BlIjpbInByb2ZpbGVzLnJlYWRfYWxsIl0sImF1ZCI6WyJwcm9maWxlcyJdLCJpc3MiOiJodHRwczovL2F1dGh6LXRlc3Quc3RhbmZvcmQuZWR1IiwianRpIjoiZDQxMTBmODctNDMyMS00Y2NmLTkxMTktN2NlNWZjNmE3YTZiIiwiY2xpZW50X2lkIjoic3VsIn0.ioAWrUsR142eE9M78bw-PnICL4IGhhd5xAahVgYI7_ohdCJAIJy-HJT9wF-1ChrLay_kYZVK3IxHzUrKdtrjQnNEFzl4a5lxnjZEGD5RVZvnJQZEvrxOuTgb9iJpDf7Oma7CRbmi7oRRhq735POGyu3XtXIJlZr-36FvYnKGzuxlQ8ODNVJo0HmuJRgQw6WySQD9vmHHg2votkE5p3amlEuZbhVKiDg0lWyTL3umUTt-ODX2yapc5GLppLUiKJCg8q1zIBe81zaA6w-J4xd2LXghAnEzOPqaFOJhCJjmfBUK5eC1gCHt00VyprDF6wIsJEtFwS1MiIoNpruVcpSRDw
      Host:
      - irt-dev.stanford.edu
  response:
    status:
      code: 200
      message: OK
    headers:
      Date:
      - Sun, 11 Aug 2013 21:51:02 GMT
      Server:
      - Apache
      X-Irt-Transaction-Id:
      - UggHRqwZaGYAAAgv5mgAAAAQ
      Transfer-Encoding:
      - chunked
      Content-Type:
      - application/json
    body:
      encoding: US-ASCII
      string: ! '{"active":true,"authorModifiedOn":"2013-08-09T10:01:07.000-07:00","authorship":[{"featured":false,"status":"approved","sulPublicationId":325,"visibility":"public"},{"featured":false,"status":"approved","sulPublicationId":151997,"visibility":"public"},{"featured":false,"status":"approved","sulPublicationId":160011,"visibility":"public"},{"featured":false,"status":"unknown","sulPublicationId":158645,"visibility":"public"},{"featured":false,"status":"approved","sulPublicationId":161738,"visibility":"public"},{"featured":false,"status":"approved","sulPublicationId":155172,"visibility":"public"},{"featured":false,"status":"approved","sulPublicationId":155349,"visibility":"public"},{"featured":false,"status":"approved","sulPublicationId":158438,"visibility":"public"},{"featured":false,"status":"approved","sulPublicationId":170171,"visibility":"public"},{"featured":false,"status":"approved","sulPublicationId":171011,"visibility":"public"},{"featured":false,"status":"approved","sulPublicationId":171012,"visibility":"public"},{"featured":false,"status":"approved","sulPublicationId":171013,"visibility":"public"},{"featured":false,"status":"approved","sulPublicationId":171014,"visibility":"public"},{"featured":false,"status":"unknown","sulPublicationId":171015,"visibility":"public"},{"featured":false,"status":"approved","sulPublicationId":171016,"visibility":"public"},{"featured":false,"status":"approved","sulPublicationId":171017,"visibility":"public"},{"featured":false,"status":"approved","sulPublicationId":171018,"visibility":"public"},{"featured":false,"status":"approved","sulPublicationId":171998,"visibility":"public"},{"featured":false,"status":"unknown","sulPublicationId":175728,"visibility":"public"},{"featured":false,"status":"unknown","sulPublicationId":171699,"visibility":"public"},{"featured":false,"status":"approved","sulPublicationId":170168,"visibility":"public"},{"featured":false,"status":"approved","sulPublicationId":171010,"visibility":"public"},{"featured":false,"status":"approved","sulPublicationId":175670,"visibility":"public"},{"featured":false,"status":"unknown","sulPublicationId":176256,"visibility":"public"},{"featured":true,"status":"approved","sulPublicationId":177646,"visibility":"public"},{"featured":false,"status":"unknown","sulPublicationId":173079,"visibility":"public"},{"featured":false,"status":"unknown","sulPublicationId":173364,"visibility":"public"},{"featured":false,"status":"unknown","sulPublicationId":175955,"visibility":"public"},{"featured":false,"status":"approved","sulPublicationId":175956,"visibility":"public"},{"featured":false,"status":"unknown","sulPublicationId":173078,"visibility":"public"},{"featured":false,"status":"unknown","sulPublicationId":175676,"visibility":"public"},{"featured":false,"status":"approved","sulPublicationId":176944,"visibility":"public"},{"featured":false,"status":"new","sulPublicationId":198218,"visibility":"public"},{"featured":false,"status":"new","sulPublicationId":198272,"visibility":"public"},{"featured":false,"status":"new","sulPublicationId":198205,"visibility":"public"},{"featured":false,"status":"approved","sulPublicationId":4572,"visibility":"public"},{"featured":false,"status":"approved","sulPublicationId":6029,"visibility":"public"},{"featured":false,"status":"approved","sulPublicationId":8614,"visibility":"public"},{"featured":false,"status":"approved","sulPublicationId":9626,"visibility":"public"},{"featured":false,"status":"approved","sulPublicationId":18049,"visibility":"public"},{"featured":false,"status":"approved","sulPublicationId":15263,"visibility":"public"},{"featured":false,"status":"approved","sulPublicationId":20362,"visibility":"public"},{"featured":false,"status":"approved","sulPublicationId":25022,"visibility":"public"},{"featured":false,"status":"approved","sulPublicationId":24316,"visibility":"public"},{"featured":false,"status":"approved","sulPublicationId":39629,"visibility":"public"},{"featured":false,"status":"unknown","sulPublicationId":51339,"visibility":"public"},{"featured":false,"status":"approved","sulPublicationId":57704,"visibility":"public"},{"featured":false,"status":"approved","sulPublicationId":66551,"visibility":"public"},{"featured":false,"status":"approved","sulPublicationId":72817,"visibility":"public"},{"featured":false,"status":"approved","sulPublicationId":103835,"visibility":"public"},{"featured":false,"status":"approved","sulPublicationId":91121,"visibility":"public"},{"featured":false,"status":"approved","sulPublicationId":91120,"visibility":"public"},{"featured":false,"status":"approved","sulPublicationId":102285,"visibility":"public"},{"featured":false,"status":"unknown","sulPublicationId":125844,"visibility":"public"},{"featured":false,"status":"approved","sulPublicationId":2649,"visibility":"public"},{"featured":false,"status":"new","sulPublicationId":280362,"visibility":"public"},{"featured":false,"status":"new","sulPublicationId":280396,"visibility":"public"},{"featured":false,"status":"new","sulPublicationId":277209,"visibility":"public"},{"featured":false,"status":"new","sulPublicationId":280355,"visibility":"public"},{"featured":false,"status":"new","sulPublicationId":280412,"visibility":"public"},{"featured":false,"status":"new","sulPublicationId":277187,"visibility":"public"},{"featured":false,"status":"new","sulPublicationId":277189,"visibility":"public"},{"featured":false,"status":"new","sulPublicationId":277192,"visibility":"public"},{"featured":false,"status":"new","sulPublicationId":280366,"visibility":"public"},{"featured":false,"status":"new","sulPublicationId":280407,"visibility":"public"},{"featured":false,"status":"new","sulPublicationId":277156,"visibility":"public"},{"featured":false,"status":"new","sulPublicationId":277161,"visibility":"public"},{"featured":false,"status":"new","sulPublicationId":277204,"visibility":"public"},{"featured":false,"status":"new","sulPublicationId":280392,"visibility":"public"},{"featured":false,"status":"new","sulPublicationId":280413,"visibility":"public"}],"importEnabled":true,"importSettings":[{"firstName":"Henry","lastName":"Lowe","middleName":"J."},{"firstName":"H","institution":"Stanford
        University","lastName":"Lowe","middleName":"J"}],"lastModified":"2013-08-10T06:03:21.524-07:00","populations":["stanford","som","shc"],"profile":{"californiaPhysicianLicense":"C50735","displayName":"Henry
        J. Lowe, MD","email":"hlowe@stanford.edu","meta":{"etag":"597669957","links":[{"href":"http://irt-ppapp-02:12011/cap-api-qa/api/profiles/v1/3810","rel":"https://cap.stanford.edu/rel/self"},{"href":"https://irt-dev.stanford.edu/cap-su-qa/henry-lowe","rel":"https://cap.stanford.edu/rel/public"},{"href":"https://cap-irt-dev.stanford.edu/profiles-qa/auth/frdActionServlet?choiceId=facProfile&profileId=3810","rel":"https://cap.stanford.edu/rel/intranet"},{"href":"https://cap-irt-dev.stanford.edu/profiles-qa/frdActionServlet?choiceId=printerprofile&profileversion=full&profileId=3810","rel":"https://cap.stanford.edu/rel/pdf"}]},"names":{"legal":{"firstName":"Henry","lastName":"Lowe","middleName":"J"},"preferred":{"firstName":"Henry","lastName":"Lowe","middleName":"J."}},"profileId":3810,"uid":"hlowe","universityId":"09724972"},"profileId":3810,"visibility":"public"}'
    http_version: 
  recorded_at: Sun, 11 Aug 2013 21:51:03 GMT
- request:
    method: get
    uri: https://irt-dev.stanford.edu/cap-api-qa/api/cap/v1/authors/3810
    body:
      encoding: US-ASCII
      string: ''
    headers:
      Accept:
      - ! '*/*'
      User-Agent:
      - Ruby
      Authorization:
      - bearer eyJhbGciOiJSUzI1NiJ9.eyJleHAiOjEzNzYzNDM3NTksInNjb3BlIjpbInByb2ZpbGVzLnJlYWRfYWxsIl0sImF1ZCI6WyJwcm9maWxlcyJdLCJpc3MiOiJodHRwczovL2F1dGh6LXRlc3Quc3RhbmZvcmQuZWR1IiwianRpIjoiZDQxMTBmODctNDMyMS00Y2NmLTkxMTktN2NlNWZjNmE3YTZiIiwiY2xpZW50X2lkIjoic3VsIn0.ioAWrUsR142eE9M78bw-PnICL4IGhhd5xAahVgYI7_ohdCJAIJy-HJT9wF-1ChrLay_kYZVK3IxHzUrKdtrjQnNEFzl4a5lxnjZEGD5RVZvnJQZEvrxOuTgb9iJpDf7Oma7CRbmi7oRRhq735POGyu3XtXIJlZr-36FvYnKGzuxlQ8ODNVJo0HmuJRgQw6WySQD9vmHHg2votkE5p3amlEuZbhVKiDg0lWyTL3umUTt-ODX2yapc5GLppLUiKJCg8q1zIBe81zaA6w-J4xd2LXghAnEzOPqaFOJhCJjmfBUK5eC1gCHt00VyprDF6wIsJEtFwS1MiIoNpruVcpSRDw
      Host:
      - irt-dev.stanford.edu
  response:
    status:
      code: 200
      message: OK
    headers:
      Date:
      - Sun, 11 Aug 2013 21:51:02 GMT
      Server:
      - Apache
      X-Irt-Transaction-Id:
      - UggHRqwZaGYAAAKjUzEAAAAM
      Transfer-Encoding:
      - chunked
      Content-Type:
      - application/json
    body:
      encoding: US-ASCII
      string: ! '{"active":true,"authorModifiedOn":"2013-08-09T10:01:07.000-07:00","authorship":[{"featured":false,"status":"approved","sulPublicationId":325,"visibility":"public"},{"featured":false,"status":"approved","sulPublicationId":151997,"visibility":"public"},{"featured":false,"status":"approved","sulPublicationId":160011,"visibility":"public"},{"featured":false,"status":"unknown","sulPublicationId":158645,"visibility":"public"},{"featured":false,"status":"approved","sulPublicationId":161738,"visibility":"public"},{"featured":false,"status":"approved","sulPublicationId":155172,"visibility":"public"},{"featured":false,"status":"approved","sulPublicationId":155349,"visibility":"public"},{"featured":false,"status":"approved","sulPublicationId":158438,"visibility":"public"},{"featured":false,"status":"approved","sulPublicationId":170171,"visibility":"public"},{"featured":false,"status":"approved","sulPublicationId":171011,"visibility":"public"},{"featured":false,"status":"approved","sulPublicationId":171012,"visibility":"public"},{"featured":false,"status":"approved","sulPublicationId":171013,"visibility":"public"},{"featured":false,"status":"approved","sulPublicationId":171014,"visibility":"public"},{"featured":false,"status":"unknown","sulPublicationId":171015,"visibility":"public"},{"featured":false,"status":"approved","sulPublicationId":171016,"visibility":"public"},{"featured":false,"status":"approved","sulPublicationId":171017,"visibility":"public"},{"featured":false,"status":"approved","sulPublicationId":171018,"visibility":"public"},{"featured":false,"status":"approved","sulPublicationId":171998,"visibility":"public"},{"featured":false,"status":"unknown","sulPublicationId":175728,"visibility":"public"},{"featured":false,"status":"unknown","sulPublicationId":171699,"visibility":"public"},{"featured":false,"status":"approved","sulPublicationId":170168,"visibility":"public"},{"featured":false,"status":"approved","sulPublicationId":171010,"visibility":"public"},{"featured":false,"status":"approved","sulPublicationId":175670,"visibility":"public"},{"featured":false,"status":"unknown","sulPublicationId":176256,"visibility":"public"},{"featured":true,"status":"approved","sulPublicationId":177646,"visibility":"public"},{"featured":false,"status":"unknown","sulPublicationId":173079,"visibility":"public"},{"featured":false,"status":"unknown","sulPublicationId":173364,"visibility":"public"},{"featured":false,"status":"unknown","sulPublicationId":175955,"visibility":"public"},{"featured":false,"status":"approved","sulPublicationId":175956,"visibility":"public"},{"featured":false,"status":"unknown","sulPublicationId":173078,"visibility":"public"},{"featured":false,"status":"unknown","sulPublicationId":175676,"visibility":"public"},{"featured":false,"status":"approved","sulPublicationId":176944,"visibility":"public"},{"featured":false,"status":"new","sulPublicationId":198218,"visibility":"public"},{"featured":false,"status":"new","sulPublicationId":198272,"visibility":"public"},{"featured":false,"status":"new","sulPublicationId":198205,"visibility":"public"},{"featured":false,"status":"approved","sulPublicationId":4572,"visibility":"public"},{"featured":false,"status":"approved","sulPublicationId":6029,"visibility":"public"},{"featured":false,"status":"approved","sulPublicationId":8614,"visibility":"public"},{"featured":false,"status":"approved","sulPublicationId":9626,"visibility":"public"},{"featured":false,"status":"approved","sulPublicationId":18049,"visibility":"public"},{"featured":false,"status":"approved","sulPublicationId":15263,"visibility":"public"},{"featured":false,"status":"approved","sulPublicationId":20362,"visibility":"public"},{"featured":false,"status":"approved","sulPublicationId":25022,"visibility":"public"},{"featured":false,"status":"approved","sulPublicationId":24316,"visibility":"public"},{"featured":false,"status":"approved","sulPublicationId":39629,"visibility":"public"},{"featured":false,"status":"unknown","sulPublicationId":51339,"visibility":"public"},{"featured":false,"status":"approved","sulPublicationId":57704,"visibility":"public"},{"featured":false,"status":"approved","sulPublicationId":66551,"visibility":"public"},{"featured":false,"status":"approved","sulPublicationId":72817,"visibility":"public"},{"featured":false,"status":"approved","sulPublicationId":103835,"visibility":"public"},{"featured":false,"status":"approved","sulPublicationId":91121,"visibility":"public"},{"featured":false,"status":"approved","sulPublicationId":91120,"visibility":"public"},{"featured":false,"status":"approved","sulPublicationId":102285,"visibility":"public"},{"featured":false,"status":"unknown","sulPublicationId":125844,"visibility":"public"},{"featured":false,"status":"approved","sulPublicationId":2649,"visibility":"public"},{"featured":false,"status":"new","sulPublicationId":280362,"visibility":"public"},{"featured":false,"status":"new","sulPublicationId":280396,"visibility":"public"},{"featured":false,"status":"new","sulPublicationId":277209,"visibility":"public"},{"featured":false,"status":"new","sulPublicationId":280355,"visibility":"public"},{"featured":false,"status":"new","sulPublicationId":280412,"visibility":"public"},{"featured":false,"status":"new","sulPublicationId":277187,"visibility":"public"},{"featured":false,"status":"new","sulPublicationId":277189,"visibility":"public"},{"featured":false,"status":"new","sulPublicationId":277192,"visibility":"public"},{"featured":false,"status":"new","sulPublicationId":280366,"visibility":"public"},{"featured":false,"status":"new","sulPublicationId":280407,"visibility":"public"},{"featured":false,"status":"new","sulPublicationId":277156,"visibility":"public"},{"featured":false,"status":"new","sulPublicationId":277161,"visibility":"public"},{"featured":false,"status":"new","sulPublicationId":277204,"visibility":"public"},{"featured":false,"status":"new","sulPublicationId":280392,"visibility":"public"},{"featured":false,"status":"new","sulPublicationId":280413,"visibility":"public"}],"importEnabled":true,"importSettings":[{"firstName":"Henry","lastName":"Lowe","middleName":"J."},{"firstName":"H","institution":"Stanford
        University","lastName":"Lowe","middleName":"J"}],"lastModified":"2013-08-10T06:03:21.524-07:00","populations":["stanford","som","shc"],"profile":{"californiaPhysicianLicense":"C50735","displayName":"Henry
        J. Lowe, MD","email":"hlowe@stanford.edu","meta":{"etag":"597669957","links":[{"href":"http://irt-ppapp-02:12011/cap-api-qa/api/profiles/v1/3810","rel":"https://cap.stanford.edu/rel/self"},{"href":"https://irt-dev.stanford.edu/cap-su-qa/henry-lowe","rel":"https://cap.stanford.edu/rel/public"},{"href":"https://cap-irt-dev.stanford.edu/profiles-qa/auth/frdActionServlet?choiceId=facProfile&profileId=3810","rel":"https://cap.stanford.edu/rel/intranet"},{"href":"https://cap-irt-dev.stanford.edu/profiles-qa/frdActionServlet?choiceId=printerprofile&profileversion=full&profileId=3810","rel":"https://cap.stanford.edu/rel/pdf"}]},"names":{"legal":{"firstName":"Henry","lastName":"Lowe","middleName":"J"},"preferred":{"firstName":"Henry","lastName":"Lowe","middleName":"J."}},"profileId":3810,"uid":"hlowe","universityId":"09724972"},"profileId":3810,"visibility":"public"}'
    http_version: 
  recorded_at: Sun, 11 Aug 2013 21:51:03 GMT
recorded_with: VCR 2.5.0
