---
http_interactions:
- request:
    method: get
    uri: http://search.webofknowledge.com/esti/wokmws/ws/WOKMWSAuthenticate?wsdl
    body:
      encoding: UTF-8
      string: ''
    headers:
      User-Agent:
      - HTTPClient/1.0 (2.8.3, ruby 2.4.1 (2017-03-22))
      Accept:
      - "*/*"
      Date:
      - Fri, 27 Apr 2018 01:24:07 GMT
      Authorization:
      - Basic Settings.WOS.AUTH_CODE
      Soapaction:
      - ''
  response:
    status:
      code: 200
      message: OK
    headers:
      Content-Type:
      - text/xml
      Date:
      - Fri, 27 Apr 2018 01:24:07 GMT
      Server:
      - Apache-Coyote/1.1
      Transfer-Encoding:
      - chunked
      Connection:
      - keep-alive
    body:
      encoding: UTF-8
      string: |-
        <?xml version='1.0' encoding='UTF-8'?><wsdl:definitions xmlns:xsd="http://www.w3.org/2001/XMLSchema" xmlns:wsdl="http://schemas.xmlsoap.org/wsdl/" xmlns:tns="http://auth.cxf.wokmws.thomsonreuters.com" xmlns:soap="http://schemas.xmlsoap.org/wsdl/soap/" xmlns:ns1="http://schemas.xmlsoap.org/soap/http" name="WOKMWSAuthenticateService" targetNamespace="http://auth.cxf.wokmws.thomsonreuters.com">
          <wsdl:types>
        <xs:schema xmlns:xs="http://www.w3.org/2001/XMLSchema" xmlns:tns="http://auth.cxf.wokmws.thomsonreuters.com" targetNamespace="http://auth.cxf.wokmws.thomsonreuters.com" version="1.0">
        <xs:element name="AuthenticationException" type="tns:AuthenticationException"/>
        <xs:element name="ESTIWSException" type="tns:ESTIWSException"/>
        <xs:element name="InternalServerException" type="tns:InternalServerException"/>
        <xs:element name="InvalidInputException" type="tns:InvalidInputException"/>
        <xs:element name="QueryException" type="tns:QueryException"/>
        <xs:element name="SessionException" type="tns:SessionException"/>
        <xs:element name="authenticate" type="tns:authenticate"/>
        <xs:element name="authenticateResponse" type="tns:authenticateResponse"/>
        <xs:element name="closeSession" type="tns:closeSession"/>
        <xs:element name="closeSessionResponse" type="tns:closeSessionResponse"/>
        <xs:complexType name="closeSession">
            <xs:sequence/>
          </xs:complexType>
        <xs:complexType name="closeSessionResponse">
            <xs:sequence/>
          </xs:complexType>
        <xs:complexType name="QueryException">
            <xs:sequence/>
          </xs:complexType>
        <xs:complexType name="ESTIWSException">
            <xs:sequence/>
          </xs:complexType>
        <xs:complexType name="InvalidInputException">
            <xs:sequence/>
          </xs:complexType>
        <xs:complexType name="InternalServerException">
            <xs:sequence/>
          </xs:complexType>
        <xs:complexType name="SessionException">
            <xs:sequence/>
          </xs:complexType>
        <xs:complexType name="AuthenticationException">
            <xs:sequence/>
          </xs:complexType>
        <xs:complexType name="authenticate">
            <xs:sequence/>
          </xs:complexType>
        <xs:complexType name="authenticateResponse">
            <xs:sequence>
              <xs:element minOccurs="0" name="return" type="xs:string"/>
            </xs:sequence>
          </xs:complexType>
        </xs:schema>
          </wsdl:types>
          <wsdl:message name="closeSession">
            <wsdl:part element="tns:closeSession" name="parameters">
            </wsdl:part>
          </wsdl:message>
          <wsdl:message name="QueryException_Exception">
            <wsdl:part element="tns:QueryException" name="QueryException_Exception">
            </wsdl:part>
          </wsdl:message>
          <wsdl:message name="ESTIWSException_Exception">
            <wsdl:part element="tns:ESTIWSException" name="ESTIWSException_Exception">
            </wsdl:part>
          </wsdl:message>
          <wsdl:message name="InvalidInputException_Exception">
            <wsdl:part element="tns:InvalidInputException" name="InvalidInputException_Exception">
            </wsdl:part>
          </wsdl:message>
          <wsdl:message name="InternalServerException_Exception">
            <wsdl:part element="tns:InternalServerException" name="InternalServerException_Exception">
            </wsdl:part>
          </wsdl:message>
          <wsdl:message name="SessionException_Exception">
            <wsdl:part element="tns:SessionException" name="SessionException_Exception">
            </wsdl:part>
          </wsdl:message>
          <wsdl:message name="authenticate">
            <wsdl:part element="tns:authenticate" name="parameters">
            </wsdl:part>
          </wsdl:message>
          <wsdl:message name="closeSessionResponse">
            <wsdl:part element="tns:closeSessionResponse" name="parameters">
            </wsdl:part>
          </wsdl:message>
          <wsdl:message name="authenticateResponse">
            <wsdl:part element="tns:authenticateResponse" name="parameters">
            </wsdl:part>
          </wsdl:message>
          <wsdl:message name="AuthenticationException_Exception">
            <wsdl:part element="tns:AuthenticationException" name="AuthenticationException_Exception">
            </wsdl:part>
          </wsdl:message>
          <wsdl:portType name="WOKMWSAuthenticate">
            <wsdl:operation name="closeSession">
              <wsdl:input message="tns:closeSession" name="closeSession">
            </wsdl:input>
              <wsdl:output message="tns:closeSessionResponse" name="closeSessionResponse">
            </wsdl:output>
              <wsdl:fault message="tns:SessionException_Exception" name="SessionException_Exception">
            </wsdl:fault>
              <wsdl:fault message="tns:AuthenticationException_Exception" name="AuthenticationException_Exception">
            </wsdl:fault>
              <wsdl:fault message="tns:ESTIWSException_Exception" name="ESTIWSException_Exception">
            </wsdl:fault>
              <wsdl:fault message="tns:InvalidInputException_Exception" name="InvalidInputException_Exception">
            </wsdl:fault>
              <wsdl:fault message="tns:InternalServerException_Exception" name="InternalServerException_Exception">
            </wsdl:fault>
              <wsdl:fault message="tns:QueryException_Exception" name="QueryException_Exception">
            </wsdl:fault>
            </wsdl:operation>
            <wsdl:operation name="authenticate">
              <wsdl:input message="tns:authenticate" name="authenticate">
            </wsdl:input>
              <wsdl:output message="tns:authenticateResponse" name="authenticateResponse">
            </wsdl:output>
              <wsdl:fault message="tns:SessionException_Exception" name="SessionException_Exception">
            </wsdl:fault>
              <wsdl:fault message="tns:AuthenticationException_Exception" name="AuthenticationException_Exception">
            </wsdl:fault>
              <wsdl:fault message="tns:ESTIWSException_Exception" name="ESTIWSException_Exception">
            </wsdl:fault>
              <wsdl:fault message="tns:InvalidInputException_Exception" name="InvalidInputException_Exception">
            </wsdl:fault>
              <wsdl:fault message="tns:InternalServerException_Exception" name="InternalServerException_Exception">
            </wsdl:fault>
              <wsdl:fault message="tns:QueryException_Exception" name="QueryException_Exception">
            </wsdl:fault>
            </wsdl:operation>
          </wsdl:portType>
          <wsdl:binding name="WOKMWSAuthenticateServiceSoapBinding" type="tns:WOKMWSAuthenticate">
            <soap:binding style="document" transport="http://schemas.xmlsoap.org/soap/http"/>
            <wsdl:operation name="closeSession">
              <soap:operation soapAction="" style="document"/>
              <wsdl:input name="closeSession">
                <soap:body use="literal"/>
              </wsdl:input>
              <wsdl:output name="closeSessionResponse">
                <soap:body use="literal"/>
              </wsdl:output>
              <wsdl:fault name="SessionException_Exception">
                <soap:fault name="SessionException_Exception" use="literal"/>
              </wsdl:fault>
              <wsdl:fault name="AuthenticationException_Exception">
                <soap:fault name="AuthenticationException_Exception" use="literal"/>
              </wsdl:fault>
              <wsdl:fault name="ESTIWSException_Exception">
                <soap:fault name="ESTIWSException_Exception" use="literal"/>
              </wsdl:fault>
              <wsdl:fault name="InvalidInputException_Exception">
                <soap:fault name="InvalidInputException_Exception" use="literal"/>
              </wsdl:fault>
              <wsdl:fault name="InternalServerException_Exception">
                <soap:fault name="InternalServerException_Exception" use="literal"/>
              </wsdl:fault>
              <wsdl:fault name="QueryException_Exception">
                <soap:fault name="QueryException_Exception" use="literal"/>
              </wsdl:fault>
            </wsdl:operation>
            <wsdl:operation name="authenticate">
              <soap:operation soapAction="" style="document"/>
              <wsdl:input name="authenticate">
                <soap:body use="literal"/>
              </wsdl:input>
              <wsdl:output name="authenticateResponse">
                <soap:body use="literal"/>
              </wsdl:output>
              <wsdl:fault name="SessionException_Exception">
                <soap:fault name="SessionException_Exception" use="literal"/>
              </wsdl:fault>
              <wsdl:fault name="AuthenticationException_Exception">
                <soap:fault name="AuthenticationException_Exception" use="literal"/>
              </wsdl:fault>
              <wsdl:fault name="ESTIWSException_Exception">
                <soap:fault name="ESTIWSException_Exception" use="literal"/>
              </wsdl:fault>
              <wsdl:fault name="InvalidInputException_Exception">
                <soap:fault name="InvalidInputException_Exception" use="literal"/>
              </wsdl:fault>
              <wsdl:fault name="InternalServerException_Exception">
                <soap:fault name="InternalServerException_Exception" use="literal"/>
              </wsdl:fault>
              <wsdl:fault name="QueryException_Exception">
                <soap:fault name="QueryException_Exception" use="literal"/>
              </wsdl:fault>
            </wsdl:operation>
          </wsdl:binding>
          <wsdl:service name="WOKMWSAuthenticateService">
            <wsdl:port binding="tns:WOKMWSAuthenticateServiceSoapBinding" name="WOKMWSAuthenticatePort">
              <soap:address location="http://search.webofknowledge.com/esti/wokmws/ws/WOKMWSAuthenticate"/>
            </wsdl:port>
          </wsdl:service>
        </wsdl:definitions>
    http_version:
  recorded_at: Fri, 27 Apr 2018 01:24:07 GMT
- request:
    method: post
    uri: http://search.webofknowledge.com/esti/wokmws/ws/WOKMWSAuthenticate
    body:
      encoding: UTF-8
      string: <?xml version="1.0" encoding="UTF-8"?><soapenv:Envelope xmlns:xsd="http://www.w3.org/2001/XMLSchema"
        xmlns:xsi="http://www.w3.org/2001/XMLSchema-instance" xmlns:tns="http://auth.cxf.wokmws.thomsonreuters.com"
        xmlns:soapenv="http://schemas.xmlsoap.org/soap/envelope/"><soapenv:Body><tns:authenticate></tns:authenticate></soapenv:Body></soapenv:Envelope>
    headers:
      User-Agent:
      - HTTPClient/1.0 (2.8.3, ruby 2.4.1 (2017-03-22))
      Accept:
      - "*/*"
      Date:
      - Fri, 27 Apr 2018 01:24:07 GMT
      Authorization:
      - Basic Settings.WOS.AUTH_CODE
      Soapaction:
      - ''
      Content-Type:
      - text/xml;charset=UTF-8
      Content-Length:
      - '352'
  response:
    status:
      code: 200
      message: OK
    headers:
      Content-Type:
      - text/xml;charset=UTF-8
      Date:
      - Fri, 27 Apr 2018 01:24:07 GMT
      Server:
      - Apache-Coyote/1.1
      Set-Cookie:
      - SID=6BVPqEtPUs3DCne8cHQ
      Content-Length:
      - '252'
      Connection:
      - keep-alive
    body:
      encoding: UTF-8
      string: <soap:Envelope xmlns:soap="http://schemas.xmlsoap.org/soap/envelope/"><soap:Body><ns2:authenticateResponse
        xmlns:ns2="http://auth.cxf.wokmws.thomsonreuters.com"><return>6BVPqEtPUs3DCne8cHQ</return></ns2:authenticateResponse></soap:Body></soap:Envelope>
    http_version:
  recorded_at: Fri, 27 Apr 2018 01:24:07 GMT
- request:
    method: get
    uri: http://search.webofknowledge.com/esti/wokmws/ws/WokSearch?wsdl
    body:
      encoding: UTF-8
      string: ''
    headers:
      User-Agent:
      - HTTPClient/1.0 (2.8.3, ruby 2.4.1 (2017-03-22))
      Accept:
      - "*/*"
      Date:
      - Fri, 27 Apr 2018 01:24:07 GMT
      Cookie:
      - SID="6BVPqEtPUs3DCne8cHQ"
      Soapaction:
      - ''
  response:
    status:
      code: 200
      message: OK
    headers:
      Content-Type:
      - text/xml
      Date:
      - Fri, 27 Apr 2018 01:24:06 GMT
      Server:
      - Apache-Coyote/1.1
      Transfer-Encoding:
      - chunked
      Connection:
      - keep-alive
    body:
      encoding: UTF-8
      string: |-
        <?xml version='1.0' encoding='UTF-8'?><wsdl:definitions xmlns:xsd="http://www.w3.org/2001/XMLSchema" xmlns:wsdl="http://schemas.xmlsoap.org/wsdl/" xmlns:tns="http://woksearch.v3.wokmws.thomsonreuters.com" xmlns:soap="http://schemas.xmlsoap.org/wsdl/soap/" xmlns:ns1="http://schemas.xmlsoap.org/soap/http" name="WokSearchService" targetNamespace="http://woksearch.v3.wokmws.thomsonreuters.com">
          <wsdl:types>
        <xs:schema xmlns:xs="http://www.w3.org/2001/XMLSchema" xmlns:tns="http://woksearch.v3.wokmws.thomsonreuters.com" targetNamespace="http://woksearch.v3.wokmws.thomsonreuters.com" version="1.0">
        <xs:element name="AuthenticationException" type="tns:AuthenticationException"/>
        <xs:element name="ESTIWSException" type="tns:ESTIWSException"/>
        <xs:element name="InternalServerException" type="tns:InternalServerException"/>
        <xs:element name="InvalidInputException" type="tns:InvalidInputException"/>
        <xs:element name="QueryException" type="tns:QueryException"/>
        <xs:element name="SessionException" type="tns:SessionException"/>
        <xs:element name="citedReferences" type="tns:citedReferences"/>
        <xs:element name="citedReferencesResponse" type="tns:citedReferencesResponse"/>
        <xs:element name="citedReferencesRetrieve" type="tns:citedReferencesRetrieve"/>
        <xs:element name="citedReferencesRetrieveResponse" type="tns:citedReferencesRetrieveResponse"/>
        <xs:element name="citingArticles" type="tns:citingArticles"/>
        <xs:element name="citingArticlesResponse" type="tns:citingArticlesResponse"/>
        <xs:element name="relatedRecords" type="tns:relatedRecords"/>
        <xs:element name="relatedRecordsResponse" type="tns:relatedRecordsResponse"/>
        <xs:element name="retrieve" type="tns:retrieve"/>
        <xs:element name="retrieveById" type="tns:retrieveById"/>
        <xs:element name="retrieveByIdResponse" type="tns:retrieveByIdResponse"/>
        <xs:element name="retrieveResponse" type="tns:retrieveResponse"/>
        <xs:element name="search" type="tns:search"/>
        <xs:element name="searchResponse" type="tns:searchResponse"/>
        <xs:complexType name="citedReferences">
            <xs:sequence>
              <xs:element name="databaseId" type="xs:string"/>
              <xs:element name="uid" type="xs:string"/>
              <xs:element name="queryLanguage" type="xs:string"/>
              <xs:element name="retrieveParameters" type="tns:retrieveParameters"/>
            </xs:sequence>
          </xs:complexType>
        <xs:complexType name="retrieveParameters">
            <xs:sequence>
              <xs:element name="firstRecord" type="xs:int"/>
              <xs:element name="count" type="xs:int"/>
              <xs:element maxOccurs="unbounded" minOccurs="0" name="sortField" nillable="true" type="tns:sortField"/>
              <xs:element maxOccurs="unbounded" minOccurs="0" name="viewField" nillable="true" type="tns:viewField"/>
              <xs:element maxOccurs="unbounded" minOccurs="0" name="option" nillable="true" type="tns:keyValuePair"/>
            </xs:sequence>
          </xs:complexType>
        <xs:complexType name="sortField">
            <xs:sequence>
              <xs:element name="name" type="xs:string"/>
              <xs:element name="sort" type="xs:string"/>
            </xs:sequence>
          </xs:complexType>
        <xs:complexType name="viewField">
            <xs:sequence>
              <xs:element name="collectionName" type="xs:string"/>
              <xs:element maxOccurs="unbounded" minOccurs="0" name="fieldName" nillable="true" type="xs:string"/>
            </xs:sequence>
          </xs:complexType>
        <xs:complexType name="keyValuePair">
            <xs:sequence>
              <xs:element name="key" type="xs:string"/>
              <xs:element name="value" nillable="true" type="xs:string"/>
            </xs:sequence>
          </xs:complexType>
        <xs:complexType name="citedReferencesResponse">
            <xs:sequence>
              <xs:element minOccurs="0" name="return" type="tns:citedReferencesSearchResults"/>
            </xs:sequence>
          </xs:complexType>
        <xs:complexType name="citedReferencesSearchResults">
            <xs:sequence>
              <xs:element minOccurs="0" name="queryId" type="xs:string"/>
              <xs:element maxOccurs="unbounded" minOccurs="0" name="references" nillable="true" type="tns:citedReference"/>
              <xs:element name="recordsFound" type="xs:int"/>
              <xs:element name="recordsSearched" type="xs:long"/>
            </xs:sequence>
          </xs:complexType>
        <xs:complexType name="citedReference">
            <xs:sequence>
              <xs:element minOccurs="0" name="uid" type="xs:string"/>
              <xs:element minOccurs="0" name="docid" type="xs:string"/>
              <xs:element minOccurs="0" name="articleId" type="xs:string"/>
              <xs:element minOccurs="0" name="citedAuthor" type="xs:string"/>
              <xs:element minOccurs="0" name="timesCited" type="xs:string"/>
              <xs:element minOccurs="0" name="year" type="xs:string"/>
              <xs:element minOccurs="0" name="page" type="xs:string"/>
              <xs:element minOccurs="0" name="volume" type="xs:string"/>
              <xs:element minOccurs="0" name="citedTitle" type="xs:string"/>
              <xs:element minOccurs="0" name="citedWork" type="xs:string"/>
              <xs:element minOccurs="0" name="hot" type="xs:string"/>
            </xs:sequence>
          </xs:complexType>
        <xs:complexType name="QueryException">
            <xs:sequence>
              <xs:element minOccurs="0" name="faultInformation" type="tns:FaultInformation"/>
              <xs:element minOccurs="0" name="rawFaultInformation" type="tns:RawFaultInformation"/>
            </xs:sequence>
          </xs:complexType>
        <xs:complexType name="FaultInformation">
            <xs:sequence>
              <xs:element name="code" type="xs:string"/>
              <xs:element minOccurs="0" name="message" type="xs:string"/>
              <xs:element minOccurs="0" name="reason" type="xs:string"/>
              <xs:element minOccurs="0" name="causeType" type="xs:string"/>
              <xs:element minOccurs="0" name="cause" type="xs:string"/>
              <xs:element minOccurs="0" name="supportingWebServiceException" type="tns:SupportingWebServiceException"/>
              <xs:element minOccurs="0" name="remedy" type="xs:string"/>
            </xs:sequence>
          </xs:complexType>
        <xs:complexType name="SupportingWebServiceException">
            <xs:sequence>
              <xs:element minOccurs="0" name="remoteNamespace" type="xs:string"/>
              <xs:element minOccurs="0" name="remoteOperation" type="xs:string"/>
              <xs:element minOccurs="0" name="remoteCode" type="xs:string"/>
              <xs:element minOccurs="0" name="remoteReason" type="xs:string"/>
              <xs:element minOccurs="0" name="handshakeCauseId" type="xs:string"/>
              <xs:element minOccurs="0" name="handshakeCause" type="xs:string"/>
            </xs:sequence>
          </xs:complexType>
        <xs:complexType name="RawFaultInformation">
            <xs:sequence>
              <xs:element minOccurs="0" name="rawFaultstring" type="xs:string"/>
              <xs:element minOccurs="0" name="rawMessage" type="xs:string"/>
              <xs:element minOccurs="0" name="rawReason" type="xs:string"/>
              <xs:element minOccurs="0" name="rawCause" type="xs:string"/>
              <xs:element minOccurs="0" name="rawRemedy" type="xs:string"/>
              <xs:element maxOccurs="unbounded" minOccurs="0" name="messageData" nillable="true" type="xs:string"/>
            </xs:sequence>
          </xs:complexType>
        <xs:complexType name="InvalidInputException">
            <xs:sequence>
              <xs:element minOccurs="0" name="faultInformation" type="tns:FaultInformation"/>
              <xs:element minOccurs="0" name="rawFaultInformation" type="tns:RawFaultInformation"/>
            </xs:sequence>
          </xs:complexType>
        <xs:complexType name="ESTIWSException">
            <xs:sequence>
              <xs:element minOccurs="0" name="faultInformation" type="tns:FaultInformation"/>
              <xs:element minOccurs="0" name="rawFaultInformation" type="tns:RawFaultInformation"/>
            </xs:sequence>
          </xs:complexType>
        <xs:complexType name="InternalServerException">
            <xs:sequence>
              <xs:element minOccurs="0" name="faultInformation" type="tns:FaultInformation"/>
              <xs:element minOccurs="0" name="rawFaultInformation" type="tns:RawFaultInformation"/>
            </xs:sequence>
          </xs:complexType>
        <xs:complexType name="AuthenticationException">
            <xs:sequence>
              <xs:element minOccurs="0" name="faultInformation" type="tns:FaultInformation"/>
              <xs:element minOccurs="0" name="rawFaultInformation" type="tns:RawFaultInformation"/>
            </xs:sequence>
          </xs:complexType>
        <xs:complexType name="SessionException">
            <xs:sequence>
              <xs:element minOccurs="0" name="faultInformation" type="tns:FaultInformation"/>
              <xs:element minOccurs="0" name="rawFaultInformation" type="tns:RawFaultInformation"/>
            </xs:sequence>
          </xs:complexType>
        <xs:complexType name="citedReferencesRetrieve">
            <xs:sequence>
              <xs:element name="queryId" type="xs:string"/>
              <xs:element name="retrieveParameters" type="tns:retrieveParameters"/>
            </xs:sequence>
          </xs:complexType>
        <xs:complexType name="citedReferencesRetrieveResponse">
            <xs:sequence>
              <xs:element maxOccurs="unbounded" minOccurs="0" name="return" type="tns:citedReference"/>
            </xs:sequence>
          </xs:complexType>
        <xs:complexType name="relatedRecords">
            <xs:sequence>
              <xs:element name="databaseId" type="xs:string"/>
              <xs:element name="uid" type="xs:string"/>
              <xs:element maxOccurs="unbounded" minOccurs="0" name="editions" nillable="true" type="tns:editionDesc"/>
              <xs:element minOccurs="0" name="timeSpan" type="tns:timeSpan"/>
              <xs:element name="queryLanguage" type="xs:string"/>
              <xs:element name="retrieveParameters" type="tns:retrieveParameters"/>
            </xs:sequence>
          </xs:complexType>
        <xs:complexType name="editionDesc">
            <xs:sequence>
              <xs:element name="collection" type="xs:string"/>
              <xs:element name="edition" type="xs:string"/>
            </xs:sequence>
          </xs:complexType>
        <xs:complexType name="timeSpan">
            <xs:sequence>
              <xs:element name="begin" type="xs:string"/>
              <xs:element name="end" type="xs:string"/>
            </xs:sequence>
          </xs:complexType>
        <xs:complexType name="relatedRecordsResponse">
            <xs:sequence>
              <xs:element minOccurs="0" name="return" type="tns:fullRecordSearchResults"/>
            </xs:sequence>
          </xs:complexType>
        <xs:complexType name="fullRecordSearchResults">
            <xs:sequence>
              <xs:element minOccurs="0" name="queryId" type="xs:string"/>
              <xs:element name="recordsFound" type="xs:int"/>
              <xs:element name="recordsSearched" type="xs:long"/>
              <xs:element minOccurs="0" name="parent" type="xs:string"/>
              <xs:element maxOccurs="unbounded" minOccurs="0" name="optionValue" nillable="true" type="tns:labelValuesPair"/>
              <xs:element minOccurs="0" name="records" type="xs:string"/>
            </xs:sequence>
          </xs:complexType>
        <xs:complexType name="labelValuesPair">
            <xs:sequence>
              <xs:element minOccurs="0" name="label" type="xs:string"/>
              <xs:element maxOccurs="unbounded" minOccurs="0" name="value" nillable="true" type="xs:string"/>
            </xs:sequence>
          </xs:complexType>
        <xs:complexType name="retrieveById">
            <xs:sequence>
              <xs:element name="databaseId" type="xs:string"/>
              <xs:element maxOccurs="unbounded" name="uid" type="xs:string"/>
              <xs:element name="queryLanguage" type="xs:string"/>
              <xs:element name="retrieveParameters" type="tns:retrieveParameters"/>
            </xs:sequence>
          </xs:complexType>
        <xs:complexType name="retrieveByIdResponse">
            <xs:sequence>
              <xs:element minOccurs="0" name="return" type="tns:fullRecordSearchResults"/>
            </xs:sequence>
          </xs:complexType>
        <xs:complexType name="retrieve">
            <xs:sequence>
              <xs:element name="queryId" type="xs:string"/>
              <xs:element name="retrieveParameters" type="tns:retrieveParameters"/>
            </xs:sequence>
          </xs:complexType>
        <xs:complexType name="retrieveResponse">
            <xs:sequence>
              <xs:element minOccurs="0" name="return" type="tns:fullRecordData"/>
            </xs:sequence>
          </xs:complexType>
        <xs:complexType name="fullRecordData">
            <xs:sequence>
              <xs:element maxOccurs="unbounded" minOccurs="0" name="optionValue" nillable="true" type="tns:labelValuesPair"/>
              <xs:element minOccurs="0" name="records" type="xs:string"/>
            </xs:sequence>
          </xs:complexType>
        <xs:complexType name="search">
            <xs:sequence>
              <xs:element name="queryParameters" type="tns:queryParameters"/>
              <xs:element name="retrieveParameters" type="tns:retrieveParameters"/>
            </xs:sequence>
          </xs:complexType>
        <xs:complexType name="queryParameters">
            <xs:sequence>
              <xs:element name="databaseId" type="xs:string"/>
              <xs:element name="userQuery" type="xs:string"/>
              <xs:element maxOccurs="unbounded" minOccurs="0" name="editions" nillable="true" type="tns:editionDesc"/>
              <xs:element minOccurs="0" name="symbolicTimeSpan" type="xs:string"/>
              <xs:element minOccurs="0" name="timeSpan" type="tns:timeSpan"/>
              <xs:element name="queryLanguage" type="xs:string"/>
            </xs:sequence>
          </xs:complexType>
        <xs:complexType name="searchResponse">
            <xs:sequence>
              <xs:element minOccurs="0" name="return" type="tns:fullRecordSearchResults"/>
            </xs:sequence>
          </xs:complexType>
        <xs:complexType name="citingArticles">
            <xs:sequence>
              <xs:element name="databaseId" type="xs:string"/>
              <xs:element name="uid" type="xs:string"/>
              <xs:element maxOccurs="unbounded" minOccurs="0" name="editions" nillable="true" type="tns:editionDesc"/>
              <xs:element minOccurs="0" name="timeSpan" type="tns:timeSpan"/>
              <xs:element name="queryLanguage" type="xs:string"/>
              <xs:element name="retrieveParameters" type="tns:retrieveParameters"/>
            </xs:sequence>
          </xs:complexType>
        <xs:complexType name="citingArticlesResponse">
            <xs:sequence>
              <xs:element minOccurs="0" name="return" type="tns:fullRecordSearchResults"/>
            </xs:sequence>
          </xs:complexType>
        </xs:schema>
          </wsdl:types>
          <wsdl:message name="relatedRecordsResponse">
            <wsdl:part element="tns:relatedRecordsResponse" name="parameters">
            </wsdl:part>
          </wsdl:message>
          <wsdl:message name="relatedRecords">
            <wsdl:part element="tns:relatedRecords" name="parameters">
            </wsdl:part>
          </wsdl:message>
          <wsdl:message name="retrieveById">
            <wsdl:part element="tns:retrieveById" name="parameters">
            </wsdl:part>
          </wsdl:message>
          <wsdl:message name="retrieveResponse">
            <wsdl:part element="tns:retrieveResponse" name="parameters">
            </wsdl:part>
          </wsdl:message>
          <wsdl:message name="ESTIWSException_Exception">
            <wsdl:part element="tns:ESTIWSException" name="ESTIWSException_Exception">
            </wsdl:part>
          </wsdl:message>
          <wsdl:message name="InternalServerException_Exception">
            <wsdl:part element="tns:InternalServerException" name="InternalServerException_Exception">
            </wsdl:part>
          </wsdl:message>
          <wsdl:message name="retrieve">
            <wsdl:part element="tns:retrieve" name="parameters">
            </wsdl:part>
          </wsdl:message>
          <wsdl:message name="searchResponse">
            <wsdl:part element="tns:searchResponse" name="parameters">
            </wsdl:part>
          </wsdl:message>
          <wsdl:message name="citingArticlesResponse">
            <wsdl:part element="tns:citingArticlesResponse" name="parameters">
            </wsdl:part>
          </wsdl:message>
          <wsdl:message name="AuthenticationException_Exception">
            <wsdl:part element="tns:AuthenticationException" name="AuthenticationException_Exception">
            </wsdl:part>
          </wsdl:message>
          <wsdl:message name="retrieveByIdResponse">
            <wsdl:part element="tns:retrieveByIdResponse" name="parameters">
            </wsdl:part>
          </wsdl:message>
          <wsdl:message name="search">
            <wsdl:part element="tns:search" name="parameters">
            </wsdl:part>
          </wsdl:message>
          <wsdl:message name="citingArticles">
            <wsdl:part element="tns:citingArticles" name="parameters">
            </wsdl:part>
          </wsdl:message>
          <wsdl:message name="citedReferences">
            <wsdl:part element="tns:citedReferences" name="parameters">
            </wsdl:part>
          </wsdl:message>
          <wsdl:message name="citedReferencesRetrieve">
            <wsdl:part element="tns:citedReferencesRetrieve" name="parameters">
            </wsdl:part>
          </wsdl:message>
          <wsdl:message name="citedReferencesRetrieveResponse">
            <wsdl:part element="tns:citedReferencesRetrieveResponse" name="parameters">
            </wsdl:part>
          </wsdl:message>
          <wsdl:message name="QueryException_Exception">
            <wsdl:part element="tns:QueryException" name="QueryException_Exception">
            </wsdl:part>
          </wsdl:message>
          <wsdl:message name="InvalidInputException_Exception">
            <wsdl:part element="tns:InvalidInputException" name="InvalidInputException_Exception">
            </wsdl:part>
          </wsdl:message>
          <wsdl:message name="citedReferencesResponse">
            <wsdl:part element="tns:citedReferencesResponse" name="parameters">
            </wsdl:part>
          </wsdl:message>
          <wsdl:message name="SessionException_Exception">
            <wsdl:part element="tns:SessionException" name="SessionException_Exception">
            </wsdl:part>
          </wsdl:message>
          <wsdl:portType name="WokSearch">
            <wsdl:operation name="citedReferences">
              <wsdl:input message="tns:citedReferences" name="citedReferences">
            </wsdl:input>
              <wsdl:output message="tns:citedReferencesResponse" name="citedReferencesResponse">
            </wsdl:output>
              <wsdl:fault message="tns:SessionException_Exception" name="SessionException_Exception">
            </wsdl:fault>
              <wsdl:fault message="tns:AuthenticationException_Exception" name="AuthenticationException_Exception">
            </wsdl:fault>
              <wsdl:fault message="tns:InvalidInputException_Exception" name="InvalidInputException_Exception">
            </wsdl:fault>
              <wsdl:fault message="tns:ESTIWSException_Exception" name="ESTIWSException_Exception">
            </wsdl:fault>
              <wsdl:fault message="tns:InternalServerException_Exception" name="InternalServerException_Exception">
            </wsdl:fault>
              <wsdl:fault message="tns:QueryException_Exception" name="QueryException_Exception">
            </wsdl:fault>
            </wsdl:operation>
            <wsdl:operation name="citedReferencesRetrieve">
              <wsdl:input message="tns:citedReferencesRetrieve" name="citedReferencesRetrieve">
            </wsdl:input>
              <wsdl:output message="tns:citedReferencesRetrieveResponse" name="citedReferencesRetrieveResponse">
            </wsdl:output>
              <wsdl:fault message="tns:SessionException_Exception" name="SessionException_Exception">
            </wsdl:fault>
              <wsdl:fault message="tns:AuthenticationException_Exception" name="AuthenticationException_Exception">
            </wsdl:fault>
              <wsdl:fault message="tns:InvalidInputException_Exception" name="InvalidInputException_Exception">
            </wsdl:fault>
              <wsdl:fault message="tns:ESTIWSException_Exception" name="ESTIWSException_Exception">
            </wsdl:fault>
              <wsdl:fault message="tns:InternalServerException_Exception" name="InternalServerException_Exception">
            </wsdl:fault>
              <wsdl:fault message="tns:QueryException_Exception" name="QueryException_Exception">
            </wsdl:fault>
            </wsdl:operation>
            <wsdl:operation name="relatedRecords">
              <wsdl:input message="tns:relatedRecords" name="relatedRecords">
            </wsdl:input>
              <wsdl:output message="tns:relatedRecordsResponse" name="relatedRecordsResponse">
            </wsdl:output>
              <wsdl:fault message="tns:SessionException_Exception" name="SessionException_Exception">
            </wsdl:fault>
              <wsdl:fault message="tns:AuthenticationException_Exception" name="AuthenticationException_Exception">
            </wsdl:fault>
              <wsdl:fault message="tns:InvalidInputException_Exception" name="InvalidInputException_Exception">
            </wsdl:fault>
              <wsdl:fault message="tns:ESTIWSException_Exception" name="ESTIWSException_Exception">
            </wsdl:fault>
              <wsdl:fault message="tns:InternalServerException_Exception" name="InternalServerException_Exception">
            </wsdl:fault>
              <wsdl:fault message="tns:QueryException_Exception" name="QueryException_Exception">
            </wsdl:fault>
            </wsdl:operation>
            <wsdl:operation name="retrieveById">
              <wsdl:input message="tns:retrieveById" name="retrieveById">
            </wsdl:input>
              <wsdl:output message="tns:retrieveByIdResponse" name="retrieveByIdResponse">
            </wsdl:output>
              <wsdl:fault message="tns:SessionException_Exception" name="SessionException_Exception">
            </wsdl:fault>
              <wsdl:fault message="tns:AuthenticationException_Exception" name="AuthenticationException_Exception">
            </wsdl:fault>
              <wsdl:fault message="tns:InvalidInputException_Exception" name="InvalidInputException_Exception">
            </wsdl:fault>
              <wsdl:fault message="tns:ESTIWSException_Exception" name="ESTIWSException_Exception">
            </wsdl:fault>
              <wsdl:fault message="tns:InternalServerException_Exception" name="InternalServerException_Exception">
            </wsdl:fault>
              <wsdl:fault message="tns:QueryException_Exception" name="QueryException_Exception">
            </wsdl:fault>
            </wsdl:operation>
            <wsdl:operation name="retrieve">
              <wsdl:input message="tns:retrieve" name="retrieve">
            </wsdl:input>
              <wsdl:output message="tns:retrieveResponse" name="retrieveResponse">
            </wsdl:output>
              <wsdl:fault message="tns:SessionException_Exception" name="SessionException_Exception">
            </wsdl:fault>
              <wsdl:fault message="tns:AuthenticationException_Exception" name="AuthenticationException_Exception">
            </wsdl:fault>
              <wsdl:fault message="tns:InvalidInputException_Exception" name="InvalidInputException_Exception">
            </wsdl:fault>
              <wsdl:fault message="tns:ESTIWSException_Exception" name="ESTIWSException_Exception">
            </wsdl:fault>
              <wsdl:fault message="tns:InternalServerException_Exception" name="InternalServerException_Exception">
            </wsdl:fault>
              <wsdl:fault message="tns:QueryException_Exception" name="QueryException_Exception">
            </wsdl:fault>
            </wsdl:operation>
            <wsdl:operation name="search">
              <wsdl:input message="tns:search" name="search">
            </wsdl:input>
              <wsdl:output message="tns:searchResponse" name="searchResponse">
            </wsdl:output>
              <wsdl:fault message="tns:SessionException_Exception" name="SessionException_Exception">
            </wsdl:fault>
              <wsdl:fault message="tns:AuthenticationException_Exception" name="AuthenticationException_Exception">
            </wsdl:fault>
              <wsdl:fault message="tns:InvalidInputException_Exception" name="InvalidInputException_Exception">
            </wsdl:fault>
              <wsdl:fault message="tns:ESTIWSException_Exception" name="ESTIWSException_Exception">
            </wsdl:fault>
              <wsdl:fault message="tns:InternalServerException_Exception" name="InternalServerException_Exception">
            </wsdl:fault>
              <wsdl:fault message="tns:QueryException_Exception" name="QueryException_Exception">
            </wsdl:fault>
            </wsdl:operation>
            <wsdl:operation name="citingArticles">
              <wsdl:input message="tns:citingArticles" name="citingArticles">
            </wsdl:input>
              <wsdl:output message="tns:citingArticlesResponse" name="citingArticlesResponse">
            </wsdl:output>
              <wsdl:fault message="tns:SessionException_Exception" name="SessionException_Exception">
            </wsdl:fault>
              <wsdl:fault message="tns:AuthenticationException_Exception" name="AuthenticationException_Exception">
            </wsdl:fault>
              <wsdl:fault message="tns:InvalidInputException_Exception" name="InvalidInputException_Exception">
            </wsdl:fault>
              <wsdl:fault message="tns:ESTIWSException_Exception" name="ESTIWSException_Exception">
            </wsdl:fault>
              <wsdl:fault message="tns:InternalServerException_Exception" name="InternalServerException_Exception">
            </wsdl:fault>
              <wsdl:fault message="tns:QueryException_Exception" name="QueryException_Exception">
            </wsdl:fault>
            </wsdl:operation>
          </wsdl:portType>
          <wsdl:binding name="WokSearchServiceSoapBinding" type="tns:WokSearch">
            <soap:binding style="document" transport="http://schemas.xmlsoap.org/soap/http"/>
            <wsdl:operation name="citedReferences">
              <soap:operation soapAction="" style="document"/>
              <wsdl:input name="citedReferences">
                <soap:body use="literal"/>
              </wsdl:input>
              <wsdl:output name="citedReferencesResponse">
                <soap:body use="literal"/>
              </wsdl:output>
              <wsdl:fault name="SessionException_Exception">
                <soap:fault name="SessionException_Exception" use="literal"/>
              </wsdl:fault>
              <wsdl:fault name="AuthenticationException_Exception">
                <soap:fault name="AuthenticationException_Exception" use="literal"/>
              </wsdl:fault>
              <wsdl:fault name="InvalidInputException_Exception">
                <soap:fault name="InvalidInputException_Exception" use="literal"/>
              </wsdl:fault>
              <wsdl:fault name="ESTIWSException_Exception">
                <soap:fault name="ESTIWSException_Exception" use="literal"/>
              </wsdl:fault>
              <wsdl:fault name="InternalServerException_Exception">
                <soap:fault name="InternalServerException_Exception" use="literal"/>
              </wsdl:fault>
              <wsdl:fault name="QueryException_Exception">
                <soap:fault name="QueryException_Exception" use="literal"/>
              </wsdl:fault>
            </wsdl:operation>
            <wsdl:operation name="citedReferencesRetrieve">
              <soap:operation soapAction="" style="document"/>
              <wsdl:input name="citedReferencesRetrieve">
                <soap:body use="literal"/>
              </wsdl:input>
              <wsdl:output name="citedReferencesRetrieveResponse">
                <soap:body use="literal"/>
              </wsdl:output>
              <wsdl:fault name="SessionException_Exception">
                <soap:fault name="SessionException_Exception" use="literal"/>
              </wsdl:fault>
              <wsdl:fault name="AuthenticationException_Exception">
                <soap:fault name="AuthenticationException_Exception" use="literal"/>
              </wsdl:fault>
              <wsdl:fault name="InvalidInputException_Exception">
                <soap:fault name="InvalidInputException_Exception" use="literal"/>
              </wsdl:fault>
              <wsdl:fault name="ESTIWSException_Exception">
                <soap:fault name="ESTIWSException_Exception" use="literal"/>
              </wsdl:fault>
              <wsdl:fault name="InternalServerException_Exception">
                <soap:fault name="InternalServerException_Exception" use="literal"/>
              </wsdl:fault>
              <wsdl:fault name="QueryException_Exception">
                <soap:fault name="QueryException_Exception" use="literal"/>
              </wsdl:fault>
            </wsdl:operation>
            <wsdl:operation name="relatedRecords">
              <soap:operation soapAction="" style="document"/>
              <wsdl:input name="relatedRecords">
                <soap:body use="literal"/>
              </wsdl:input>
              <wsdl:output name="relatedRecordsResponse">
                <soap:body use="literal"/>
              </wsdl:output>
              <wsdl:fault name="SessionException_Exception">
                <soap:fault name="SessionException_Exception" use="literal"/>
              </wsdl:fault>
              <wsdl:fault name="AuthenticationException_Exception">
                <soap:fault name="AuthenticationException_Exception" use="literal"/>
              </wsdl:fault>
              <wsdl:fault name="InvalidInputException_Exception">
                <soap:fault name="InvalidInputException_Exception" use="literal"/>
              </wsdl:fault>
              <wsdl:fault name="ESTIWSException_Exception">
                <soap:fault name="ESTIWSException_Exception" use="literal"/>
              </wsdl:fault>
              <wsdl:fault name="InternalServerException_Exception">
                <soap:fault name="InternalServerException_Exception" use="literal"/>
              </wsdl:fault>
              <wsdl:fault name="QueryException_Exception">
                <soap:fault name="QueryException_Exception" use="literal"/>
              </wsdl:fault>
            </wsdl:operation>
            <wsdl:operation name="retrieveById">
              <soap:operation soapAction="" style="document"/>
              <wsdl:input name="retrieveById">
                <soap:body use="literal"/>
              </wsdl:input>
              <wsdl:output name="retrieveByIdResponse">
                <soap:body use="literal"/>
              </wsdl:output>
              <wsdl:fault name="SessionException_Exception">
                <soap:fault name="SessionException_Exception" use="literal"/>
              </wsdl:fault>
              <wsdl:fault name="AuthenticationException_Exception">
                <soap:fault name="AuthenticationException_Exception" use="literal"/>
              </wsdl:fault>
              <wsdl:fault name="InvalidInputException_Exception">
                <soap:fault name="InvalidInputException_Exception" use="literal"/>
              </wsdl:fault>
              <wsdl:fault name="ESTIWSException_Exception">
                <soap:fault name="ESTIWSException_Exception" use="literal"/>
              </wsdl:fault>
              <wsdl:fault name="InternalServerException_Exception">
                <soap:fault name="InternalServerException_Exception" use="literal"/>
              </wsdl:fault>
              <wsdl:fault name="QueryException_Exception">
                <soap:fault name="QueryException_Exception" use="literal"/>
              </wsdl:fault>
            </wsdl:operation>
            <wsdl:operation name="retrieve">
              <soap:operation soapAction="" style="document"/>
              <wsdl:input name="retrieve">
                <soap:body use="literal"/>
              </wsdl:input>
              <wsdl:output name="retrieveResponse">
                <soap:body use="literal"/>
              </wsdl:output>
              <wsdl:fault name="SessionException_Exception">
                <soap:fault name="SessionException_Exception" use="literal"/>
              </wsdl:fault>
              <wsdl:fault name="AuthenticationException_Exception">
                <soap:fault name="AuthenticationException_Exception" use="literal"/>
              </wsdl:fault>
              <wsdl:fault name="InvalidInputException_Exception">
                <soap:fault name="InvalidInputException_Exception" use="literal"/>
              </wsdl:fault>
              <wsdl:fault name="ESTIWSException_Exception">
                <soap:fault name="ESTIWSException_Exception" use="literal"/>
              </wsdl:fault>
              <wsdl:fault name="InternalServerException_Exception">
                <soap:fault name="InternalServerException_Exception" use="literal"/>
              </wsdl:fault>
              <wsdl:fault name="QueryException_Exception">
                <soap:fault name="QueryException_Exception" use="literal"/>
              </wsdl:fault>
            </wsdl:operation>
            <wsdl:operation name="search">
              <soap:operation soapAction="" style="document"/>
              <wsdl:input name="search">
                <soap:body use="literal"/>
              </wsdl:input>
              <wsdl:output name="searchResponse">
                <soap:body use="literal"/>
              </wsdl:output>
              <wsdl:fault name="SessionException_Exception">
                <soap:fault name="SessionException_Exception" use="literal"/>
              </wsdl:fault>
              <wsdl:fault name="AuthenticationException_Exception">
                <soap:fault name="AuthenticationException_Exception" use="literal"/>
              </wsdl:fault>
              <wsdl:fault name="InvalidInputException_Exception">
                <soap:fault name="InvalidInputException_Exception" use="literal"/>
              </wsdl:fault>
              <wsdl:fault name="ESTIWSException_Exception">
                <soap:fault name="ESTIWSException_Exception" use="literal"/>
              </wsdl:fault>
              <wsdl:fault name="InternalServerException_Exception">
                <soap:fault name="InternalServerException_Exception" use="literal"/>
              </wsdl:fault>
              <wsdl:fault name="QueryException_Exception">
                <soap:fault name="QueryException_Exception" use="literal"/>
              </wsdl:fault>
            </wsdl:operation>
            <wsdl:operation name="citingArticles">
              <soap:operation soapAction="" style="document"/>
              <wsdl:input name="citingArticles">
                <soap:body use="literal"/>
              </wsdl:input>
              <wsdl:output name="citingArticlesResponse">
                <soap:body use="literal"/>
              </wsdl:output>
              <wsdl:fault name="SessionException_Exception">
                <soap:fault name="SessionException_Exception" use="literal"/>
              </wsdl:fault>
              <wsdl:fault name="AuthenticationException_Exception">
                <soap:fault name="AuthenticationException_Exception" use="literal"/>
              </wsdl:fault>
              <wsdl:fault name="InvalidInputException_Exception">
                <soap:fault name="InvalidInputException_Exception" use="literal"/>
              </wsdl:fault>
              <wsdl:fault name="ESTIWSException_Exception">
                <soap:fault name="ESTIWSException_Exception" use="literal"/>
              </wsdl:fault>
              <wsdl:fault name="InternalServerException_Exception">
                <soap:fault name="InternalServerException_Exception" use="literal"/>
              </wsdl:fault>
              <wsdl:fault name="QueryException_Exception">
                <soap:fault name="QueryException_Exception" use="literal"/>
              </wsdl:fault>
            </wsdl:operation>
          </wsdl:binding>
          <wsdl:service name="WokSearchService">
            <wsdl:port binding="tns:WokSearchServiceSoapBinding" name="WokSearchPort">
              <soap:address location="http://search.webofknowledge.com/esti/wokmws/ws/WokSearch"/>
            </wsdl:port>
          </wsdl:service>
        </wsdl:definitions>
    http_version:
  recorded_at: Fri, 27 Apr 2018 01:24:07 GMT
- request:
    method: post
    uri: http://search.webofknowledge.com/esti/wokmws/ws/WokSearch
    body:
      encoding: UTF-8
      string: <?xml version="1.0" encoding="UTF-8"?><soapenv:Envelope xmlns:xsd="http://www.w3.org/2001/XMLSchema"
        xmlns:xsi="http://www.w3.org/2001/XMLSchema-instance" xmlns:tns="http://woksearch.v3.wokmws.thomsonreuters.com"
        xmlns:soapenv="http://schemas.xmlsoap.org/soap/envelope/"><soapenv:Body><tns:retrieveById><databaseId>WOK</databaseId><uid>MEDLINE:24196758</uid><queryLanguage>en</queryLanguage><retrieveParameters><firstRecord>1</firstRecord><count>100</count><option><key>RecordIDs</key><value>On</value></option><option><key>targetNamespace</key><value>http://scientific.thomsonreuters.com/schema/wok5.4/public/FullRecord</value></option></retrieveParameters></tns:retrieveById></soapenv:Body></soapenv:Envelope>
    headers:
      User-Agent:
      - HTTPClient/1.0 (2.8.3, ruby 2.4.1 (2017-03-22))
      Accept:
      - "*/*"
      Date:
      - Fri, 27 Apr 2018 01:24:07 GMT
      Cookie:
      - SID="6BVPqEtPUs3DCne8cHQ"
      Soapaction:
      - ''
      Content-Type:
      - text/xml;charset=UTF-8
      Content-Length:
      - '711'
  response:
    status:
      code: 200
      message: OK
    headers:
      Content-Type:
      - text/xml;charset=UTF-8
      Date:
      - Fri, 27 Apr 2018 01:24:06 GMT
      Server:
      - Apache-Coyote/1.1
      Content-Length:
      - '6403'
      Connection:
      - keep-alive
    body:
      encoding: UTF-8
      string: |-
        <soap:Envelope xmlns:soap="http://schemas.xmlsoap.org/soap/envelope/"><soap:Body><ns2:retrieveByIdResponse xmlns:ns2="http://woksearch.v3.wokmws.thomsonreuters.com"><return><queryId>1</queryId><recordsFound>1</recordsFound><recordsSearched>76312650</recordsSearched><optionValue><label>RecordIDs</label><value>MEDLINE:24196758</value></optionValue><records>&lt;records xmlns="http://scientific.thomsonreuters.com/schema/wok5.4/public/FullRecord">
        &lt;REC r_id_disclaimer="ResearcherID data provided by Clarivate Analytics">&lt;UID>MEDLINE:24196758&lt;/UID>&lt;static_data>&lt;summary>&lt;EWUID>&lt;WUID coll_id="MEDLINE">&lt;/WUID>&lt;edition value="MEDLINE.MEDLINE">&lt;/edition>&lt;/EWUID>&lt;pub_info sortdate="2013-12-01" pubyear="2013" pubmonth="Dec" coverdate="2013-Dec" vol="111" issue="6" pubtype="Journal" medium="Internet" model="Print" has_abstract="N">&lt;page begin="468" end="71">468-71&lt;/page>&lt;/pub_info>&lt;titles count="4">&lt;title type="item">Rights and responsibilities of electronic health records (EHR) users caring for children.&lt;/title>&lt;title type="source">Archivos argentinos de pediatria&lt;/title>&lt;title type="abbrev_iso">Arch Argent Pediatr&lt;/title>&lt;title type="source_abbrev">Arch Argent Pediatr&lt;/title>&lt;/titles>&lt;names count="3">&lt;name seq_no="1" role="author" display="Y">&lt;display_name>Sittig, Dean F&lt;/display_name>&lt;full_name>Sittig, Dean F&lt;/full_name>&lt;initials>DF&lt;/initials>&lt;/name>&lt;name seq_no="2" role="author" display="Y">&lt;display_name>Singh, Hardeep&lt;/display_name>&lt;full_name>Singh, Hardeep&lt;/full_name>&lt;initials>H&lt;/initials>&lt;/name>&lt;name seq_no="3" role="author" display="Y">&lt;display_name>Longhurst, Christopher A&lt;/display_name>&lt;full_name>Longhurst, Christopher A&lt;/full_name>&lt;initials>CA&lt;/initials>&lt;/name>&lt;/names>&lt;doctypes count="1">&lt;doctype>Journal Article&lt;/doctype>&lt;/doctypes>&lt;/summary>&lt;fullrecord_metadata>&lt;languages count="2">&lt;language type="primary">English&lt;/language>&lt;language type="alt">Spanish&lt;/language>&lt;/languages>&lt;normalized_languages count="2">&lt;language type="primary">English&lt;/language>&lt;language type="alt">Spanish&lt;/language>&lt;/normalized_languages>&lt;normalized_doctypes count="1">&lt;doctype>Article&lt;/doctype>&lt;/normalized_doctypes>&lt;addresses count="0">&lt;/addresses>&lt;category_info>&lt;headings count="3">&lt;heading>Science &amp;amp; Technology&lt;/heading>&lt;heading>Social Sciences&lt;/heading>&lt;heading>Arts &amp;amp; Humanities&lt;/heading>&lt;/headings>&lt;subheadings count="1">&lt;subheading>Life Sciences &amp;amp; Biomedicine&lt;/subheading>&lt;/subheadings&gt;&lt;subjects count="14">&lt;subject ascatype="traditional" code="TQ">PEDIATRICS&lt;/subject>&lt;subject ascatype="traditional">HEALTH CARE SCIENCES SERVICES&lt;/subject>&lt;subject ascatype="traditional">MEDICINE LEGAL&lt;/subject>&lt;subject ascatype="traditional" code="XA">SOCIOLOGY&lt;/subject>&lt;subject ascatype="traditional" code="OO">MEDICAL ETHICS&lt;/subject>&lt;subject ascatype="traditional" code="UA">PHILOSOPHY&lt;/subject>&lt;subject ascatype="traditional" code="WM">SOCIAL ISSUES&lt;/subject>&lt;subject ascatype="extended">Pediatrics&lt;/subject>&lt;subject ascatype="extended">Health Care Sciences &amp;amp; Services&lt;/subject>&lt;subject ascatype="extended">Legal Medicine&lt;/subject>&lt;subject ascatype="extended">Sociology&lt;/subject>&lt;subject ascatype="extended">Medical Ethics&lt;/subject>&lt;subject ascatype="extended">Philosophy&lt;/subject>&lt;subject ascatype="extended">Social Issues&lt;/subject>&lt;/subjects>&lt;/category_info>&lt;/fullrecord_metadata>&lt;item xmlns:xsi="http://www.w3.org/2001/XMLSchema-instance" Owner="NLM" Status="MEDLINE" xsi:type="itemType_medline" coll_id="MEDLINE">&lt;MedlineJournalInfo>&lt;Country>Argentina&lt;/Country>&lt;NlmUniqueID>0372460&lt;/NlmUniqueID>&lt;ISSNLinking>0325-0075&lt;/ISSNLinking>&lt;/MedlineJournalInfo>&lt;DateCompleted>2014-10-31&lt;/DateCompleted>&lt;DateRevised>2013-11-07&lt;/DateRevised>&lt;CitationSubset>IM&lt;/CitationSubset>&lt;MeshHeadingList>&lt;MeshHeading>&lt;DescriptorName MajorTopicYN="N" UI="D002648">Child&lt;/DescriptorName>&lt;TreeCodeList>&lt;TreeCode MajorTopicYN="N">M01.060.406&lt;/TreeCode>&lt;/TreeCodeList>&lt;/MeshHeading>&lt;MeshHeading>&lt;DescriptorName MajorTopicYN="N" UI="D057286">Electronic Health Records&lt;/DescriptorName>&lt;QualifierName MajorTopicYN="Y" UI="Q000592">standards&lt;/QualifierName>&lt;TreeCodeList>&lt;TreeCode MajorTopicYN="N">E05.318.308.940.968.249.500&lt;/TreeCode>&lt;TreeCode MajorTopicYN="N">E05.318.308.940.968.625.500&lt;/TreeCode>&lt;TreeCode MajorTopicYN="Y">Y06.040&lt;/TreeCode>&lt;/TreeCodeList>&lt;/MeshHeading>&lt;MeshHeading>&lt;DescriptorName MajorTopicYN="N" UI="D006801">Humans&lt;/DescriptorName>&lt;TreeCodeList>&lt;TreeCode MajorTopicYN="N">B01.050.150.900.649.801.400.112.400.400&lt;/TreeCode>&lt;/TreeCodeList>&lt;/MeshHeading>&lt;MeshHeading>&lt;DescriptorName MajorTopicYN="Y" UI="D028701">Patient Rights&lt;/DescriptorName>&lt;TreeCodeList>&lt;TreeCode MajorTopicYN="Y">I01.880.604.473.650&lt;/TreeCode>&lt;TreeCode MajorTopicYN="Y">N03.706.437.650&lt;/TreeCode>&lt;/TreeCodeList>&lt;/MeshHeading>&lt;MeshHeading>&lt;DescriptorName MajorTopicYN="Y" UI="D010372">Pediatrics&lt;/DescriptorName>&lt;TreeCodeList>&lt;TreeCode MajorTopicYN="Y">H02.403.670&lt;/TreeCode>&lt;/TreeCodeList>&lt;/MeshHeading>&lt;MeshHeading>&lt;DescriptorName MajorTopicYN="Y" UI="D012941">Social Responsibility&lt;/DescriptorName>&lt;TreeCodeList>&lt;TreeCode MajorTopicYN="Y">F01.829.500.760&lt;/TreeCode>&lt;TreeCode MajorTopicYN="Y">K01.752.566.869&lt;/TreeCode>&lt;/TreeCodeList>&lt;/MeshHeading>&lt;/MeshHeadingList>&lt;/item>&lt;/static_data>&lt;dynamic_data>&lt;citation_related>&lt;tc_list>&lt;silo_tc coll_id="MEDLINE" local_count="0">&lt;/silo_tc>&lt;/tc_list>&lt;/citation_related>&lt;cluster_related>&lt;identifiers>&lt;identifier type="doi" value="10.1590/S0325-00752013000600003">&lt;/identifier>&lt;identifier type="pii" value="S0325-00752013000600003">&lt;/identifier>&lt;identifier type="eissn" value="1668-3501">&lt;/identifier>&lt;identifier type="pmid" value="MEDLINE:24196758">&lt;/identifier>&lt;/identifiers>&lt;/cluster_related>&lt;/dynamic_data>&lt;/REC>
        &lt;/records></records></return></ns2:retrieveByIdResponse></soap:Body></soap:Envelope>
    http_version:
  recorded_at: Fri, 27 Apr 2018 01:24:07 GMT
- request:
    method: post
    uri: https://eutils.ncbi.nlm.nih.gov/entrez/eutils/efetch.fcgi?db=pubmed&retmode=xml
    body:
      encoding: UTF-8
      string: "&id=24196758"
    headers:
      User-Agent:
      - Faraday v0.15.0
      Accept:
      - "*/*"
      Accept-Encoding:
      - gzip,deflate
      Date:
      - Fri, 27 Apr 2018 01:37:29 GMT
      Content-Type:
      - application/x-www-form-urlencoded
  response:
    status:
      code: 200
      message: OK
    headers:
      Date:
      - Fri, 27 Apr 2018 01:37:29 GMT
      Server:
      - Finatra
      Strict-Transport-Security:
      - max-age=31536000; includeSubDomains; preload
      Content-Security-Policy:
      - upgrade-insecure-requests
      Access-Control-Allow-Origin:
      - "*"
      Cache-Control:
      - private
      Ncbi-Phid:
      - 01ED96CE2E589D9F3B0210B4B3FBA144.1.m_3
      Ncbi-Sid:
      - C681362E17ABA778_F9EASID
      Content-Type:
      - text/xml; charset=UTF-8
      X-Ratelimit-Limit:
      - '100'
      X-Ratelimit-Remaining:
      - '99'
      Content-Encoding:
      - gzip
      Set-Cookie:
      - ncbi_sid=C681362E17ABA778_F9EASID; domain=.nih.gov; path=/; expires=Sat, 27
        Apr 2019 01:37:29 GMT
      X-Ua-Compatible:
      - IE=Edge
      X-Xss-Protection:
      - 1; mode=block
      Transfer-Encoding:
      - chunked
    body:
      encoding: UTF-8
      string: |-
        <?xml version="1.0" ?>
        <!DOCTYPE PubmedArticleSet PUBLIC "-//NLM//DTD PubMedArticle, 1st January 2018//EN" "https://dtd.nlm.nih.gov/ncbi/pubmed/out/pubmed_180101.dtd">
        <PubmedArticleSet>
        <PubmedArticle>
            <MedlineCitation Status="MEDLINE" Owner="NLM">
                <PMID Version="1">24196758</PMID>
                <DateCompleted>
                    <Year>2014</Year>
                    <Month>10</Month>
                    <Day>31</Day>
                </DateCompleted>
                <DateRevised>
                    <Year>2013</Year>
                    <Month>11</Month>
                    <Day>07</Day>
                </DateRevised>
                <Article PubModel="Print">
                    <Journal>
                        <ISSN IssnType="Electronic">1668-3501</ISSN>
                        <JournalIssue CitedMedium="Internet">
                            <Volume>111</Volume>
                            <Issue>6</Issue>
                            <PubDate>
                                <Year>2013</Year>
                                <Month>Dec</Month>
                            </PubDate>
                        </JournalIssue>
                        <Title>Archivos argentinos de pediatria</Title>
                        <ISOAbbreviation>Arch Argent Pediatr</ISOAbbreviation>
                    </Journal>
                    <ArticleTitle>Rights and responsibilities of electronic health records (EHR) users caring for children.</ArticleTitle>
                    <Pagination>
                        <MedlinePgn>468-71</MedlinePgn>
                    </Pagination>
                    <ELocationID EIdType="doi" ValidYN="Y">10.1590/S0325-00752013000600003</ELocationID>
                    <ELocationID EIdType="pii" ValidYN="Y">S0325-00752013000600003</ELocationID>
                    <AuthorList CompleteYN="Y">
                        <Author ValidYN="Y">
                            <LastName>Sittig</LastName>
                            <ForeName>Dean F</ForeName>
                            <Initials>DF</Initials>
                        </Author>
                        <Author ValidYN="Y">
                            <LastName>Singh</LastName>
                            <ForeName>Hardeep</ForeName>
                            <Initials>H</Initials>
                        </Author>
                        <Author ValidYN="Y">
                            <LastName>Longhurst</LastName>
                            <ForeName>Christopher A</ForeName>
                            <Initials>CA</Initials>
                        </Author>
                    </AuthorList>
                    <Language>eng</Language>
                    <Language>spa</Language>
                    <PublicationTypeList>
                        <PublicationType UI="D016428">Journal Article</PublicationType>
                    </PublicationTypeList>
                </Article>
                <MedlineJournalInfo>
                    <Country>Argentina</Country>
                    <MedlineTA>Arch Argent Pediatr</MedlineTA>
                    <NlmUniqueID>0372460</NlmUniqueID>
                    <ISSNLinking>0325-0075</ISSNLinking>
                </MedlineJournalInfo>
                <CitationSubset>IM</CitationSubset>
                <MeshHeadingList>
                    <MeshHeading>
                        <DescriptorName UI="D002648" MajorTopicYN="N">Child</DescriptorName>
                    </MeshHeading>
                    <MeshHeading>
                        <DescriptorName UI="D057286" MajorTopicYN="N">Electronic Health Records</DescriptorName>
                        <QualifierName UI="Q000592" MajorTopicYN="Y">standards</QualifierName>
                    </MeshHeading>
                    <MeshHeading>
                        <DescriptorName UI="D006801" MajorTopicYN="N">Humans</DescriptorName>
                    </MeshHeading>
                    <MeshHeading>
                        <DescriptorName UI="D028701" MajorTopicYN="Y">Patient Rights</DescriptorName>
                    </MeshHeading>
                    <MeshHeading>
                        <DescriptorName UI="D010372" MajorTopicYN="Y">Pediatrics</DescriptorName>
                    </MeshHeading>
                    <MeshHeading>
                        <DescriptorName UI="D012941" MajorTopicYN="Y">Social Responsibility</DescriptorName>
                    </MeshHeading>
                </MeshHeadingList>
            </MedlineCitation>
            <PubmedData>
                <History>
                    <PubMedPubDate PubStatus="entrez">
                        <Year>2013</Year>
                        <Month>11</Month>
                        <Day>8</Day>
                        <Hour>6</Hour>
                        <Minute>0</Minute>
                    </PubMedPubDate>
                    <PubMedPubDate PubStatus="pubmed">
                        <Year>2013</Year>
                        <Month>11</Month>
                        <Day>8</Day>
                        <Hour>6</Hour>
                        <Minute>0</Minute>
                    </PubMedPubDate>
                    <PubMedPubDate PubStatus="medline">
                        <Year>2014</Year>
                        <Month>11</Month>
                        <Day>2</Day>
                        <Hour>6</Hour>
                        <Minute>0</Minute>
                    </PubMedPubDate>
                </History>
                <PublicationStatus>ppublish</PublicationStatus>
                <ArticleIdList>
                    <ArticleId IdType="pubmed">24196758</ArticleId>
                    <ArticleId IdType="pii">S0325-00752013000600003</ArticleId>
                    <ArticleId IdType="doi">10.5546/aap.2013.468</ArticleId>
                </ArticleIdList>
            </PubmedData>
        </PubmedArticle>

        </PubmedArticleSet>
    http_version:
  recorded_at: Fri, 27 Apr 2018 01:37:29 GMT
- request:
    method: post
    uri: https://eutils.ncbi.nlm.nih.gov/entrez/eutils/efetch.fcgi?api_key=a_fake_pubmed_key&db=pubmed&retmode=xml
    body:
      encoding: UTF-8
      string: "&id=24196758"
    headers:
      User-Agent:
      - stanford-library-sul-pub
      Accept:
      - "*/*"
      Accept-Encoding:
      - gzip,deflate
      Date:
      - Tue, 19 Mar 2019 19:52:02 GMT
      Content-Type:
      - application/x-www-form-urlencoded
  response:
    status:
      code: 200
      message: OK
    headers:
      Date:
      - Tue, 19 Mar 2019 19:52:03 GMT
      Server:
      - Finatra
      Strict-Transport-Security:
      - max-age=31536000; includeSubDomains; preload
      Content-Security-Policy:
      - upgrade-insecure-requests
      X-Ratelimit-Remaining:
      - '9'
      Ncbi-Phid:
      - 322C1335D2DEB7E500001A0427EA2DB1.1.1.m_3
      Cache-Control:
      - private
      L5d-Success-Class:
      - '1.0'
      Ncbi-Sid:
      - 84ABF10518304959_5F7DSID
      Content-Encoding:
      - gzip
      X-Ratelimit-Limit:
      - '10'
      Access-Control-Allow-Origin:
      - "*"
      Content-Type:
      - text/xml; charset=UTF-8
      Set-Cookie:
      - ncbi_sid=84ABF10518304959_5F7DSID; domain=.nih.gov; path=/; expires=Thu, 19
        Mar 2020 19:52:03 GMT
      X-Ua-Compatible:
      - IE=Edge
      X-Xss-Protection:
      - 1; mode=block
      Transfer-Encoding:
      - chunked
    body:
      encoding: UTF-8
      string: |-
        <?xml version="1.0" ?>
        <!DOCTYPE PubmedArticleSet PUBLIC "-//NLM//DTD PubMedArticle, 1st January 2019//EN" "https://dtd.nlm.nih.gov/ncbi/pubmed/out/pubmed_190101.dtd">
        <PubmedArticleSet>
        <PubmedArticle>
            <MedlineCitation Status="MEDLINE" Owner="NLM">
                <PMID Version="1">24196758</PMID>
                <DateCompleted>
                    <Year>2014</Year>
                    <Month>10</Month>
                    <Day>31</Day>
                </DateCompleted>
                <DateRevised>
                    <Year>2013</Year>
                    <Month>11</Month>
                    <Day>07</Day>
                </DateRevised>
                <Article PubModel="Print">
                    <Journal>
                        <ISSN IssnType="Electronic">1668-3501</ISSN>
                        <JournalIssue CitedMedium="Internet">
                            <Volume>111</Volume>
                            <Issue>6</Issue>
                            <PubDate>
                                <Year>2013</Year>
                                <Month>Dec</Month>
                            </PubDate>
                        </JournalIssue>
                        <Title>Archivos argentinos de pediatria</Title>
                        <ISOAbbreviation>Arch Argent Pediatr</ISOAbbreviation>
                    </Journal>
                    <ArticleTitle>Rights and responsibilities of electronic health records (EHR) users caring for children.</ArticleTitle>
                    <Pagination>
                        <MedlinePgn>468-71</MedlinePgn>
                    </Pagination>
                    <ELocationID EIdType="doi" ValidYN="Y">10.1590/S0325-00752013000600003</ELocationID>
                    <ELocationID EIdType="pii" ValidYN="Y">S0325-00752013000600003</ELocationID>
                    <AuthorList CompleteYN="Y">
                        <Author ValidYN="Y">
                            <LastName>Sittig</LastName>
                            <ForeName>Dean F</ForeName>
                            <Initials>DF</Initials>
                        </Author>
                        <Author ValidYN="Y">
                            <LastName>Singh</LastName>
                            <ForeName>Hardeep</ForeName>
                            <Initials>H</Initials>
                        </Author>
                        <Author ValidYN="Y">
                            <LastName>Longhurst</LastName>
                            <ForeName>Christopher A</ForeName>
                            <Initials>CA</Initials>
                        </Author>
                    </AuthorList>
                    <Language>eng</Language>
                    <Language>spa</Language>
                    <PublicationTypeList>
                        <PublicationType UI="D016428">Journal Article</PublicationType>
                    </PublicationTypeList>
                </Article>
                <MedlineJournalInfo>
                    <Country>Argentina</Country>
                    <MedlineTA>Arch Argent Pediatr</MedlineTA>
                    <NlmUniqueID>0372460</NlmUniqueID>
                    <ISSNLinking>0325-0075</ISSNLinking>
                </MedlineJournalInfo>
                <CitationSubset>IM</CitationSubset>
                <MeshHeadingList>
                    <MeshHeading>
                        <DescriptorName UI="D002648" MajorTopicYN="N">Child</DescriptorName>
                    </MeshHeading>
                    <MeshHeading>
                        <DescriptorName UI="D057286" MajorTopicYN="N">Electronic Health Records</DescriptorName>
                        <QualifierName UI="Q000592" MajorTopicYN="Y">standards</QualifierName>
                    </MeshHeading>
                    <MeshHeading>
                        <DescriptorName UI="D006801" MajorTopicYN="N">Humans</DescriptorName>
                    </MeshHeading>
                    <MeshHeading>
                        <DescriptorName UI="D028701" MajorTopicYN="Y">Patient Rights</DescriptorName>
                    </MeshHeading>
                    <MeshHeading>
                        <DescriptorName UI="D010372" MajorTopicYN="Y">Pediatrics</DescriptorName>
                    </MeshHeading>
                    <MeshHeading>
                        <DescriptorName UI="D012941" MajorTopicYN="Y">Social Responsibility</DescriptorName>
                    </MeshHeading>
                </MeshHeadingList>
            </MedlineCitation>
            <PubmedData>
                <History>
                    <PubMedPubDate PubStatus="entrez">
                        <Year>2013</Year>
                        <Month>11</Month>
                        <Day>8</Day>
                        <Hour>6</Hour>
                        <Minute>0</Minute>
                    </PubMedPubDate>
                    <PubMedPubDate PubStatus="pubmed">
                        <Year>2013</Year>
                        <Month>11</Month>
                        <Day>8</Day>
                        <Hour>6</Hour>
                        <Minute>0</Minute>
                    </PubMedPubDate>
                    <PubMedPubDate PubStatus="medline">
                        <Year>2014</Year>
                        <Month>11</Month>
                        <Day>2</Day>
                        <Hour>6</Hour>
                        <Minute>0</Minute>
                    </PubMedPubDate>
                </History>
                <PublicationStatus>ppublish</PublicationStatus>
                <ArticleIdList>
                    <ArticleId IdType="pubmed">24196758</ArticleId>
                    <ArticleId IdType="pii">S0325-00752013000600003</ArticleId>
                    <ArticleId IdType="doi">10.5546/aap.2013.468</ArticleId>
                </ArticleIdList>
            </PubmedData>
        </PubmedArticle>

        </PubmedArticleSet>
    http_version:
  recorded_at: Tue, 19 Mar 2019 19:52:03 GMT
recorded_with: VCR 4.0.0
